// Vitest Snapshot v1

exports[`renders correctly 1`] = `
<div>
  <div
    class="container"
  >
    <div
      aria-controls="1-content"
      aria-expanded="false"
      aria-labelledby="1-title"
      class="Accordion-header"
      data-index="0"
      role="button"
      tabindex="0"
    >
      <h1
        id="1-title"
      >
        item one
      </h1>
      <span>
        ðŸ‘ˆ
      </span>
    </div>
    <div
      id="1-content"
    />
  </div>
</div>
`;
